<Level>
    <EditorSession>
        <Performance CamClipPlanes="0.05 1000" LightsActive="true" PSActive="true" ShowFog="true" ShowSkybox="true" WorldReflection="true" />
        <ViewportConfig BGColor="0.2 0.2 0.2 1" GAmbientLight="false" GPointLight="false" GridSnap="true" GridSnapSeparation="0.25" SelectedViewport="3" UsingEnlargedViewport="true">
            <Viewport CameraPosition="5.58009 0.0224299 178.5" CameraTarget="5.58009 0.0224299 -1.5" CameraZoom="0" GridHeight="-1.5" GridPlane="2" Preset="0" RenderMode="1" ShowAxes="true" ShowGrid="true" UsingLTCam="true" />
            <Viewport CameraPosition="174 0 -1.5" CameraTarget="-6 0 -1.5" CameraZoom="0" GridHeight="-6" GridPlane="0" Preset="1" RenderMode="1" ShowAxes="true" ShowGrid="true" UsingLTCam="true" />
            <Viewport CameraPosition="6 180 0.5" CameraTarget="6 0 0.5" CameraZoom="0" GridHeight="0" GridPlane="1" Preset="2" RenderMode="1" ShowAxes="true" ShowGrid="true" UsingLTCam="true" />
            <Viewport CameraPosition="-1.85113 2.00561 0.0974995" CameraTarget="5.20169 5.36442e-007 -0.679974" CameraZoom="1.91413" GridHeight="0" GridPlane="1" Preset="3" RenderMode="0" ShowAxes="true" ShowGrid="true" UsingLTCam="true" />
        </ViewportConfig>
        <Groups>
            <Group ID="0" Name="None" Visible="true" />
        </Groups>
    </EditorSession>
    <MapData FogActive="false" FogColor="1 1 1 1" FogCulling="true" FogEnd="20" FogFalloffExp="1" FogStart="0" GlobalDecalMaxTris="300" Name="" SkyBoxActive="false" SkyBoxColor="1 1 1 1" SkyBoxTexture="../../../../../../">
        <MapContents>
            <FileIndex_StaticObjects NumOfFiles="8">
                <File Id="0" Path="static_objects/mansionbase/wall/default02.dae" />
                <File Id="1" Path="static_objects/mansionbase/wall/door_way02.dae" />
                <File Id="2" Path="static_objects/mansionbase/wall/door_frame.dae" />
                <File Id="3" Path="static_objects/ornaments/curtains/curtain01_open.dae" />
                <File Id="4" Path="static_objects/mansionbase/wall/window02_large_yellow.dae" />
                <File Id="5" Path="static_objects/mansionbase/wall/welder02_convex.dae" />
                <File Id="6" Path="static_objects/mansionbase/wall/window02_yellow.dae" />
                <File Id="7" Path="static_objects/ornaments/curtains/curtain01_closed.dae" />
            </FileIndex_StaticObjects>
            <FileIndex_Entities NumOfFiles="2">
                <File Id="0" Path="entities/lamp/candlestick_floor/candlestick_floor.ent" />
                <File Id="1" Path="entities/door/mansion/mansion.ent" />
            </FileIndex_Entities>
            <FileIndex_Decals NumOfFiles="0" />
            <StaticObjects>
                <StaticObject CastShadows="true" Collides="true" FileIndex="0" Group="0" ID="11" Name="wall_default02_1" Rotation="0 -0 0" Scale="1 1 1" Tag="" WorldPos="-4 0 -1.5" />
                <StaticObject CastShadows="true" Collides="true" FileIndex="0" Group="0" ID="13" Name="wall_default02_3" Rotation="0 -0 0" Scale="1 1 1" Tag="" WorldPos="4 0 -1.5" />
                <StaticObject CastShadows="true" Collides="true" FileIndex="0" Group="0" ID="16" Name="wall_default02_6" Rotation="3.14159 -8.74228e-008 3.14159" Scale="1 1 1" Tag="" WorldPos="-4 0 2.5" />
                <StaticObject CastShadows="true" Collides="true" FileIndex="0" Group="0" ID="17" Name="wall_default02_7" Rotation="3.14159 -8.74228e-008 3.14159" Scale="1 1 1" Tag="" WorldPos="0 0 2.5" />
                <StaticObject CastShadows="true" Collides="true" FileIndex="0" Group="0" ID="18" Name="wall_default02_8" Rotation="3.14159 -8.74228e-008 3.14159" Scale="1 1 1" Tag="" WorldPos="4 0 2.5" />
                <StaticObject CastShadows="true" Collides="true" FileIndex="0" Group="0" ID="19" Name="wall_default02_9" Rotation="3.14159 -8.74228e-008 3.14159" Scale="1 1 1" Tag="" WorldPos="8 0 2.5" />
                <StaticObject CastShadows="true" Collides="true" FileIndex="1" Group="0" ID="30" Name="wall_door_way02_1" Rotation="-2.53518e-006 1.5708 -2.53518e-006" Scale="1 1 1" Tag="" WorldPos="-6 0 0.5" />
                <StaticObject CastShadows="true" Collides="true" FileIndex="2" Group="0" ID="35" Name="wall_door_frame_1" Rotation="-2.53518e-006 1.5708 -2.53518e-006" Scale="1 1 1" Tag="" WorldPos="-6 0 0.5" />
                <StaticObject CastShadows="true" Collides="true" FileIndex="0" Group="0" ID="57" Name="wall_default02_5" Rotation="0 -0 0" Scale="1 1 1" Tag="" WorldPos="12 0 -1.5" />
                <StaticObject CastShadows="true" Collides="true" FileIndex="0" Group="0" ID="58" Name="wall_default02_10" Rotation="3.14159 -8.74228e-008 3.14159" Scale="1 1 1" Tag="" WorldPos="12 0 2.5" />
                <StaticObject CastShadows="true" Collides="true" FileIndex="5" Group="0" ID="69" Name="wall_welder02_convex_1" Rotation="3.14159 1.5708 3.14159" Scale="1 1 1" Tag="" WorldPos="14 0 2.5" />
                <StaticObject CastShadows="true" Collides="true" FileIndex="4" Group="0" ID="77" Name="wall_window02_large_yellow_1" Rotation="-5.07036e-006 -0 1.10816e-013" Scale="1 1 1" Tag="" WorldPos="16 0 -1.5" />
                <StaticObject CastShadows="true" Collides="true" FileIndex="3" Group="0" ID="223" Name="curtains_curtain01_open_1" Rotation="-5.07036e-006 -0 1.10816e-013" Scale="1 1 1" Tag="" WorldPos="16 0 -1.5" />
                <StaticObject CastShadows="true" Collides="true" FileIndex="3" Group="0" ID="389" Name="curtains_curtain01_open_2" Rotation="-5.07036e-006 -0 1.10816e-013" Scale="1 1 1" Tag="" WorldPos="8 0 -1.5" />
                <StaticObject CastShadows="true" Collides="true" FileIndex="4" Group="0" ID="390" Name="wall_window02_large_yellow_2" Rotation="-5.07036e-006 -0 1.10816e-013" Scale="1 1 1" Tag="" WorldPos="8 0 -1.5" />
                <StaticObject CastShadows="true" Collides="true" FileIndex="4" Group="0" ID="451" Name="wall_window02_large_yellow_3" Rotation="-5.07036e-006 -0 1.10816e-013" Scale="1 1 1" Tag="" WorldPos="6.55671e-008 0 -1.5" />
                <StaticObject CastShadows="true" Collides="true" FileIndex="6" Group="0" ID="473" Name="wall_window02_yellow_1" Rotation="0 -1.5708 0" Scale="1 1 1" Tag="" WorldPos="18 0 0.5" />
                <StaticObject CastShadows="true" Collides="true" FileIndex="7" Group="0" ID="482" Name="curtains_curtain01_closed_1" Rotation="0 1.74846e-007 0" Scale="1 1 1" Tag="" WorldPos="0 0 -1.75" />
            </StaticObjects>
            <Primitives>
                <Plane Active="true" AlignToWorldCoords="false" CastShadows="false" Collides="true" Corner1UV="0 3.2" Corner2UV="0 0" Corner3UV="19.2 0" Corner4UV="19.2 3.2" EndCorner="24 0 4" Group="0" ID="73" Material="X:/AmnesiaCS/Amnesia The Dark Descent/static_objects/mansionbase/floor/mansionbase_floor.mat" Name="Plane_2" Rotation="0 0 0" Scale="1 1 1" StartCorner="0 0 0" Tag="" TextureAngle="0" TileAmount="0.8 1 0.8" TileOffset="0 0 0" WorldPos="-6 0 -1.5" />
                <Plane Active="true" AlignToWorldCoords="false" CastShadows="false" Collides="true" Corner1UV="0 9.8" Corner2UV="0 0" Corner3UV="3.2 0" Corner4UV="3.2 9.8" EndCorner="4 0 12.25" Group="0" ID="387" Material="X:/AmnesiaCS/Amnesia The Dark Descent/static_objects/mansionbase/floor/mansionbase_floor.mat" Name="Plane_3" Rotation="0 0 0" Scale="1 1 1" StartCorner="0 0 0" Tag="" TextureAngle="0" TileAmount="0.8 1 0.8" TileOffset="0 0 0" WorldPos="14 0 2.5" />
                <Plane Active="true" AlignToWorldCoords="false" CastShadows="false" Collides="true" Corner1UV="1.6 2.77128" Corner2UV="0 0" Corner3UV="16.6277 -9.6" Corner4UV="18.2277 -6.82872" EndCorner="24 0 4" Group="0" ID="493" Material="C:/Program Files (x86)/Steam/steamapps/common/Amnesia The Dark Descent/static_objects/mansionbase/ceiling/mansionbase_ceiling_wood.mat" Name="Plane_4" Rotation="0 0 3.14159" Scale="1 1 1" StartCorner="0 0 0" Tag="" TextureAngle="0.523599" TileAmount="0.8 1 0.8" TileOffset="0 0 0" WorldPos="18 4 -1.5" />
            </Primitives>
            <Decals />
            <Entities>
                <Area Active="true" AreaType="PlayerStart" Group="0" ID="2" Mesh="" Name="PlayerStartArea_1" Rotation="0 1.5708 0" Scale="1 1 1" Tag="" WorldPos="-4.25 0.5 0.5">
                    <UserVariables />
                </Area>
                <PointLight Active="true" CastShadows="false" DiffuseColor="0.4 0.4 0.3 1" FalloffMap="" FlickerActive="false" FlickerFade="false" FlickerOffColor="0 0 0 1" FlickerOffFadeMaxLength="0" FlickerOffFadeMinLength="0" FlickerOffMaxLength="0" FlickerOffMinLength="0" FlickerOffPS="" FlickerOffRadius="0" FlickerOffSound="" FlickerOnFadeMaxLength="0" FlickerOnFadeMinLength="0" FlickerOnMaxLength="0" FlickerOnMinLength="0" FlickerOnPS="" FlickerOnSound="" Gobo="" GoboAnimFrameTime="0" GoboAnimMode="None" Group="0" ID="26" Name="PointLight_2" Radius="3.5" Rotation="0 -0 0" Scale="1 1 1" ShadowResolution="High" ShadowsAffectDynamic="true" ShadowsAffectStatic="true" Tag="" WorldPos="-5.25 1.875 2" />
                <Entity Active="true" FileIndex="0" Group="0" ID="27" Name="candlestick_floor_2" Rotation="0 0 0" Scale="1 1 1" Tag="" WorldPos="-5.25 0.125 2">
                    <UserVariables>
                        <Var Name="CastShadows" Value="true" />
                        <Var Name="StaticPhysics" Value="false" />
                        <Var Name="IsAffectedByDecal" Value="false" />
                        <Var Name="CallbackFunc" Value="" />
                        <Var Name="ConnectedProps" Value="" />
                        <Var Name="ConnectionStateChangeCallback" Value="" />
                        <Var Name="FullGameSave" Value="false" />
                        <Var Name="PlayerLookAtCallback" Value="" />
                        <Var Name="PlayerLookAtCallbackAutoRemove" Value="false" />
                        <Var Name="PlayerInteractCallback" Value="" />
                        <Var Name="PlayerInteractCallbackAutoRemove" Value="false" />
                        <Var Name="Lit" Value="true" />
                        <Var Name="ConnectedLight" Value="" />
                        <Var Name="ConnectionLightAmount" Value="1" />
                        <Var Name="ConnectionLightUseOnColor" Value="true" />
                        <Var Name="ConnectionLightUseSpec" Value="false" />
                    </UserVariables>
                </Entity>
                <Entity Active="true" FileIndex="1" Group="0" ID="36" Name="mansion_2" Rotation="3.14159 -1.5708 3.14159" Scale="1 1 1" Tag="" WorldPos="-6 0 0.5">
                    <UserVariables>
                        <Var Name="CastShadows" Value="true" />
                        <Var Name="StaticPhysics" Value="false" />
                        <Var Name="IsAffectedByDecal" Value="false" />
                        <Var Name="CallbackFunc" Value="" />
                        <Var Name="ConnectedProps" Value="" />
                        <Var Name="ConnectionStateChangeCallback" Value="" />
                        <Var Name="FullGameSave" Value="false" />
                        <Var Name="PlayerLookAtCallback" Value="" />
                        <Var Name="PlayerLookAtCallbackAutoRemove" Value="false" />
                        <Var Name="PlayerInteractCallback" Value="" />
                        <Var Name="PlayerInteractCallbackAutoRemove" Value="false" />
                        <Var Name="Locked" Value="true" />
                        <Var Name="OpenAmount" Value="0" />
                        <Var Name="DisableBreakable" Value="false" />
                    </UserVariables>
                </Entity>
                <PointLight Active="true" CastShadows="false" DiffuseColor="0.4 0.4 0.3 1" FalloffMap="" FlickerActive="false" FlickerFade="false" FlickerOffColor="0 0 0 1" FlickerOffFadeMaxLength="0" FlickerOffFadeMinLength="0" FlickerOffMaxLength="0" FlickerOffMinLength="0" FlickerOffPS="" FlickerOffRadius="0" FlickerOffSound="" FlickerOnFadeMaxLength="0" FlickerOnFadeMinLength="0" FlickerOnMaxLength="0" FlickerOnMinLength="0" FlickerOnPS="" FlickerOnSound="" Gobo="" GoboAnimFrameTime="0" GoboAnimMode="None" Group="0" ID="203" Name="PointLight_3" Radius="3.5" Rotation="0 -0 0" Scale="1 1 1" ShadowResolution="High" ShadowsAffectDynamic="true" ShadowsAffectStatic="true" Tag="" WorldPos="-5.25 1.875 -1" />
                <Entity Active="true" FileIndex="0" Group="0" ID="204" Name="candlestick_floor_3" Rotation="0 0 0" Scale="1 1 1" Tag="" WorldPos="-5.25 0.125 -1">
                    <UserVariables>
                        <Var Name="CastShadows" Value="true" />
                        <Var Name="StaticPhysics" Value="false" />
                        <Var Name="IsAffectedByDecal" Value="false" />
                        <Var Name="CallbackFunc" Value="" />
                        <Var Name="ConnectedProps" Value="" />
                        <Var Name="ConnectionStateChangeCallback" Value="" />
                        <Var Name="FullGameSave" Value="false" />
                        <Var Name="PlayerLookAtCallback" Value="" />
                        <Var Name="PlayerLookAtCallbackAutoRemove" Value="false" />
                        <Var Name="PlayerInteractCallback" Value="" />
                        <Var Name="PlayerInteractCallbackAutoRemove" Value="false" />
                        <Var Name="Lit" Value="true" />
                        <Var Name="ConnectedLight" Value="" />
                        <Var Name="ConnectionLightAmount" Value="1" />
                        <Var Name="ConnectionLightUseOnColor" Value="true" />
                        <Var Name="ConnectionLightUseSpec" Value="false" />
                    </UserVariables>
                </Entity>
                <Billboard Active="true" BillboardColor="0.1 0.1 0.1 1" BillboardOffset="0" BillboardSize="1 5" BillboardType="FixedAxis" ConnectLight="" Group="0" HaloSourceSize="0 0 0" ID="206" IsHalo="false" MaterialFile="billboards/bb_lightblue_lightray.mat" Name="Billboard_215" Rotation="0.965277 -0.0585782 -2.99882" Tag="" WorldPos="17 0.75 -0.75" />
                <Billboard Active="true" BillboardColor="0.1 0.1 0.1 1" BillboardOffset="0" BillboardSize="2 4.5" BillboardType="FixedAxis" ConnectLight="" Group="0" HaloSourceSize="0 0 0" ID="207" IsHalo="false" MaterialFile="billboards/bb_lightblue_lightray.mat" Name="Billboard_216" Rotation="2.01004 -0.434952 0.958183" Tag="" WorldPos="17.25 1 -0.75" />
                <Billboard Active="true" BillboardColor="0.1 0.1 0.1 1" BillboardOffset="0" BillboardSize="2 4.5" BillboardType="FixedAxis" ConnectLight="" Group="0" HaloSourceSize="0 0 0" ID="208" IsHalo="false" MaterialFile="billboards/bb_lightblue_lightray.mat" Name="Billboard_217" Rotation="2.01004 -0.434952 0.958183" Tag="" WorldPos="16.75 1 -1" />
                <Billboard Active="true" BillboardColor="0.1 0.1 0.1 1" BillboardOffset="0" BillboardSize="1 5" BillboardType="FixedAxis" ConnectLight="" Group="0" HaloSourceSize="0 0 0" ID="209" IsHalo="false" MaterialFile="billboards/bb_lightblue_lightray.mat" Name="Billboard_230" Rotation="1.30472 -0.102881 -3.02646" Tag="" WorldPos="16.25 1.25 -0.25" />
                <Billboard Active="true" BillboardColor="0.1 0.1 0.1 1" BillboardOffset="0" BillboardSize="2 4.5" BillboardType="FixedAxis" ConnectLight="" Group="0" HaloSourceSize="0 0 0" ID="210" IsHalo="false" MaterialFile="billboards/bb_lightblue_lightray.mat" Name="Billboard_231" Rotation="1.20583 0.255888 -2.97287" Tag="" WorldPos="16 1 -0.75" />
                <Billboard Active="true" BillboardColor="0.1 0.1 0.1 1" BillboardOffset="0" BillboardSize="2 4.5" BillboardType="FixedAxis" ConnectLight="" Group="0" HaloSourceSize="0 0 0" ID="211" IsHalo="false" MaterialFile="billboards/bb_lightblue_lightray.mat" Name="Billboard_232" Rotation="1.22828 -0.431564 1.58994" Tag="" WorldPos="15.75 0.75 -0.75" />
                <Billboard Active="true" BillboardColor="0.1 0.1 0.1 1" BillboardOffset="0" BillboardSize="2 4.5" BillboardType="FixedAxis" ConnectLight="" Group="0" HaloSourceSize="0 0 0" ID="212" IsHalo="false" MaterialFile="billboards/bb_lightblue_lightray.mat" Name="Billboard_249" Rotation="1.81423 -0.149372 1.01533" Tag="" WorldPos="16 1.5 -0.25" />
                <Billboard Active="true" BillboardColor="0.1 0.1 0.1 1" BillboardOffset="0" BillboardSize="2 4.5" BillboardType="FixedAxis" ConnectLight="" Group="0" HaloSourceSize="0 0 0" ID="213" IsHalo="false" MaterialFile="billboards/bb_lightblue_lightray.mat" Name="Billboard_250" Rotation="1.39301 -0.407297 1.58028" Tag="" WorldPos="15.75 1.5 -0.75" />
                <Billboard Active="true" BillboardColor="0.1 0.1 0.1 1" BillboardOffset="0" BillboardSize="2 4.5" BillboardType="FixedAxis" ConnectLight="" Group="0" HaloSourceSize="0 0 0" ID="214" IsHalo="false" MaterialFile="billboards/bb_lightblue_lightray.mat" Name="Billboard_251" Rotation="1.20583 0.255888 -2.97287" Tag="" WorldPos="16 1.5 -0.75" />
                <Billboard Active="true" BillboardColor="0.1 0.1 0.1 1" BillboardOffset="0" BillboardSize="2 4.5" BillboardType="FixedAxis" ConnectLight="" Group="0" HaloSourceSize="0 0 0" ID="215" IsHalo="false" MaterialFile="billboards/bb_lightblue_lightray.mat" Name="Billboard_252" Rotation="1.61096 -0.282062 1.90289" Tag="" WorldPos="17 2.25 -0.25" />
                <Billboard Active="true" BillboardColor="0.1 0.1 0.1 1" BillboardOffset="0" BillboardSize="2 4.5" BillboardType="FixedAxis" ConnectLight="" Group="0" HaloSourceSize="0 0 0" ID="216" IsHalo="false" MaterialFile="billboards/bb_lightblue_lightray.mat" Name="Billboard_253" Rotation="1.81423 -0.149372 1.01533" Tag="" WorldPos="16 2.25 -0.25" />
                <PointLight Active="true" CastShadows="false" DiffuseColor="0.5 0.6 0.55 0" FalloffMap="" FlickerActive="false" FlickerFade="false" FlickerOffColor="0 0 0 1" FlickerOffFadeMaxLength="0" FlickerOffFadeMinLength="0" FlickerOffMaxLength="0" FlickerOffMinLength="0" FlickerOffPS="" FlickerOffRadius="0" FlickerOffSound="" FlickerOnFadeMaxLength="0" FlickerOnFadeMinLength="0" FlickerOnMaxLength="0" FlickerOnMinLength="0" FlickerOnPS="" FlickerOnSound="" Gobo="" GoboAnimFrameTime="0" GoboAnimMode="None" Group="0" ID="217" Name="PointLight_4" Radius="9" Rotation="3.14159 -8.74228e-008 -3.14159" Scale="1 1 1" ShadowResolution="High" ShadowsAffectDynamic="true" ShadowsAffectStatic="true" Tag="" WorldPos="16.5 1.75 1" />
                <Billboard Active="true" BillboardColor="0.1 0.1 0.1 1" BillboardOffset="0" BillboardSize="2 4.5" BillboardType="FixedAxis" ConnectLight="" Group="0" HaloSourceSize="0 0 0" ID="218" IsHalo="false" MaterialFile="billboards/bb_lightblue_lightray.mat" Name="Billboard_110" Rotation="1.81423 -0.149372 1.01533" Tag="" WorldPos="16.75 1.5 -0.25" />
                <SpotLight Active="true" Aspect="1.5" CastShadows="true" DiffuseColor="0.8 0.9 0.85 0.8" FOV="1.0472" FalloffMap="" FlickerActive="false" FlickerFade="false" FlickerOffColor="0 0 0 1" FlickerOffFadeMaxLength="0" FlickerOffFadeMinLength="0" FlickerOffMaxLength="0" FlickerOffMinLength="0" FlickerOffPS="" FlickerOffRadius="0" FlickerOffSound="" FlickerOnFadeMaxLength="0" FlickerOnFadeMinLength="0" FlickerOnMaxLength="0" FlickerOnMinLength="0" FlickerOnPS="" FlickerOnSound="" Gobo="gobo_mansionbase_window02_large.dds" GoboAnimFrameTime="0" GoboAnimMode="None" Group="0" ID="219" Name="SpotLight_4" NearClipPlane="0.1" Radius="15" Rotation="-2.3562 4.2958e-008 -4.37049e-008" Scale="1 1 1" ShadowResolution="Medium" ShadowsAffectDynamic="true" ShadowsAffectStatic="true" SpotFalloffMap="" Tag="" WorldPos="16.5 2.25 -1.5" />
                <Billboard Active="true" BillboardColor="0.1 0.1 0.1 0.5" BillboardOffset="0" BillboardSize="3 3" BillboardType="Point" ConnectLight="" Group="0" HaloSourceSize="0 0 0" ID="220" IsHalo="false" MaterialFile="billboards/bb_lightblue_lightray.mat" Name="Billboard_111" Rotation="1.9104e-015 4.44648e-008 4.37049e-008" Tag="" WorldPos="16.5 2.25 -1.25" />
                <ParticleSystem Active="true" Color="1 1 1 1" FadeAtDistance="true" File="ps_light_dust.ps" Group="0" ID="221" MaxFadeDistanceEnd="50" MaxFadeDistanceStart="40" MinFadeDistanceEnd="0" MinFadeDistanceStart="0" Name="ParticleSystem_37" Rotation="3.14159 -8.74228e-008 -3.14159" Scale="1 1 1" Tag="" WorldPos="16.5 1.75 -0.75" />
                <BoxLight Active="true" BlendFunc="0" CastShadows="false" DiffuseColor="0.6 0.6 0.5 1" FalloffMap="" FlickerActive="false" FlickerFade="false" FlickerOffColor="0 0 0 1" FlickerOffFadeMaxLength="0" FlickerOffFadeMinLength="0" FlickerOffMaxLength="0" FlickerOffMinLength="0" FlickerOffPS="" FlickerOffRadius="0" FlickerOffSound="" FlickerOnFadeMaxLength="0" FlickerOnFadeMinLength="0" FlickerOnMaxLength="0" FlickerOnMinLength="0" FlickerOnPS="" FlickerOnSound="" Gobo="" GoboAnimFrameTime="0" GoboAnimMode="None" Group="0" ID="265" Name="BoxLight_2" Radius="1" Rotation="0 0 0" Scale="28 7.75 22.5" ShadowResolution="High" ShadowsAffectDynamic="true" ShadowsAffectStatic="true" Size="28 7.75 22.5" Tag="" WorldPos="6 2.25 6.25" />
                <PointLight Active="true" CastShadows="false" DiffuseColor="0.5 0.6 0.55 0" FalloffMap="" FlickerActive="false" FlickerFade="false" FlickerOffColor="0 0 0 1" FlickerOffFadeMaxLength="0" FlickerOffFadeMinLength="0" FlickerOffMaxLength="0" FlickerOffMinLength="0" FlickerOffPS="" FlickerOffRadius="0" FlickerOffSound="" FlickerOnFadeMaxLength="0" FlickerOnFadeMinLength="0" FlickerOnMaxLength="0" FlickerOnMinLength="0" FlickerOnPS="" FlickerOnSound="" Gobo="" GoboAnimFrameTime="0" GoboAnimMode="None" Group="0" ID="395" Name="PointLight_5" Radius="9" Rotation="3.14159 -8.74228e-008 -3.14159" Scale="1 1 1" ShadowResolution="High" ShadowsAffectDynamic="true" ShadowsAffectStatic="true" Tag="" WorldPos="8.25 1.75 1" />
                <Billboard Active="true" BillboardColor="0.1 0.1 0.1 1" BillboardOffset="0" BillboardSize="2 4.5" BillboardType="FixedAxis" ConnectLight="" Group="0" HaloSourceSize="0 0 0" ID="396" IsHalo="false" MaterialFile="billboards/bb_lightblue_lightray.mat" Name="Billboard_254" Rotation="1.81423 -0.149372 1.01533" Tag="" WorldPos="7.75 2.25 -0.25" />
                <Billboard Active="true" BillboardColor="0.1 0.1 0.1 1" BillboardOffset="0" BillboardSize="2 4.5" BillboardType="FixedAxis" ConnectLight="" Group="0" HaloSourceSize="0 0 0" ID="397" IsHalo="false" MaterialFile="billboards/bb_lightblue_lightray.mat" Name="Billboard_255" Rotation="1.61096 -0.282062 1.90289" Tag="" WorldPos="8.75 2.25 -0.25" />
                <Billboard Active="true" BillboardColor="0.1 0.1 0.1 1" BillboardOffset="0" BillboardSize="2 4.5" BillboardType="FixedAxis" ConnectLight="" Group="0" HaloSourceSize="0 0 0" ID="398" IsHalo="false" MaterialFile="billboards/bb_lightblue_lightray.mat" Name="Billboard_112" Rotation="1.81423 -0.149372 1.01533" Tag="" WorldPos="8.5 1.5 -0.25" />
                <Billboard Active="true" BillboardColor="0.1 0.1 0.1 1" BillboardOffset="0" BillboardSize="2 4.5" BillboardType="FixedAxis" ConnectLight="" Group="0" HaloSourceSize="0 0 0" ID="399" IsHalo="false" MaterialFile="billboards/bb_lightblue_lightray.mat" Name="Billboard_218" Rotation="2.01004 -0.434952 0.958183" Tag="" WorldPos="9 1 -0.75" />
                <Billboard Active="true" BillboardColor="0.1 0.1 0.1 1" BillboardOffset="0" BillboardSize="2 4.5" BillboardType="FixedAxis" ConnectLight="" Group="0" HaloSourceSize="0 0 0" ID="400" IsHalo="false" MaterialFile="billboards/bb_lightblue_lightray.mat" Name="Billboard_256" Rotation="1.81423 -0.149372 1.01533" Tag="" WorldPos="7.75 1.5 -0.25" />
                <Billboard Active="true" BillboardColor="0.1 0.1 0.1 1" BillboardOffset="0" BillboardSize="1 5" BillboardType="FixedAxis" ConnectLight="" Group="0" HaloSourceSize="0 0 0" ID="401" IsHalo="false" MaterialFile="billboards/bb_lightblue_lightray.mat" Name="Billboard_233" Rotation="1.30472 -0.102881 -3.02646" Tag="" WorldPos="8 1.25 -0.25" />
                <Billboard Active="true" BillboardColor="0.1 0.1 0.1 1" BillboardOffset="0" BillboardSize="1 5" BillboardType="FixedAxis" ConnectLight="" Group="0" HaloSourceSize="0 0 0" ID="402" IsHalo="false" MaterialFile="billboards/bb_lightblue_lightray.mat" Name="Billboard_219" Rotation="0.965277 -0.0585782 -2.99882" Tag="" WorldPos="8.75 0.75 -0.75" />
                <Billboard Active="true" BillboardColor="0.1 0.1 0.1 1" BillboardOffset="0" BillboardSize="2 4.5" BillboardType="FixedAxis" ConnectLight="" Group="0" HaloSourceSize="0 0 0" ID="403" IsHalo="false" MaterialFile="billboards/bb_lightblue_lightray.mat" Name="Billboard_257" Rotation="1.20583 0.255888 -2.97287" Tag="" WorldPos="7.75 1.5 -0.75" />
                <Billboard Active="true" BillboardColor="0.1 0.1 0.1 1" BillboardOffset="0" BillboardSize="2 4.5" BillboardType="FixedAxis" ConnectLight="" Group="0" HaloSourceSize="0 0 0" ID="404" IsHalo="false" MaterialFile="billboards/bb_lightblue_lightray.mat" Name="Billboard_220" Rotation="2.01004 -0.434952 0.958183" Tag="" WorldPos="8.5 1 -1" />
                <ParticleSystem Active="true" Color="1 1 1 1" FadeAtDistance="true" File="ps_light_dust.ps" Group="0" ID="405" MaxFadeDistanceEnd="50" MaxFadeDistanceStart="40" MinFadeDistanceEnd="0" MinFadeDistanceStart="0" Name="ParticleSystem_38" Rotation="3.14159 -8.74228e-008 -3.14159" Scale="1 1 1" Tag="" WorldPos="8.25 1.75 -0.75" />
                <SpotLight Active="true" Aspect="1.5" CastShadows="true" DiffuseColor="0.8 0.9 0.85 0.8" FOV="1.0472" FalloffMap="" FlickerActive="false" FlickerFade="false" FlickerOffColor="0 0 0 1" FlickerOffFadeMaxLength="0" FlickerOffFadeMinLength="0" FlickerOffMaxLength="0" FlickerOffMinLength="0" FlickerOffPS="" FlickerOffRadius="0" FlickerOffSound="" FlickerOnFadeMaxLength="0" FlickerOnFadeMinLength="0" FlickerOnMaxLength="0" FlickerOnMinLength="0" FlickerOnPS="" FlickerOnSound="" Gobo="gobo_mansionbase_window02_large.dds" GoboAnimFrameTime="0" GoboAnimMode="None" Group="0" ID="406" Name="SpotLight_5" NearClipPlane="0.1" Radius="15" Rotation="-2.3562 4.2958e-008 -4.37049e-008" Scale="1 1 1" ShadowResolution="Medium" ShadowsAffectDynamic="true" ShadowsAffectStatic="true" SpotFalloffMap="" Tag="" WorldPos="8.25 2.25 -1.5" />
                <Billboard Active="true" BillboardColor="0.1 0.1 0.1 1" BillboardOffset="0" BillboardSize="2 4.5" BillboardType="FixedAxis" ConnectLight="" Group="0" HaloSourceSize="0 0 0" ID="407" IsHalo="false" MaterialFile="billboards/bb_lightblue_lightray.mat" Name="Billboard_258" Rotation="1.39301 -0.407297 1.58028" Tag="" WorldPos="7.5 1.5 -0.75" />
                <Billboard Active="true" BillboardColor="0.1 0.1 0.1 0.5" BillboardOffset="0" BillboardSize="3 3" BillboardType="Point" ConnectLight="" Group="0" HaloSourceSize="0 0 0" ID="408" IsHalo="false" MaterialFile="billboards/bb_lightblue_lightray.mat" Name="Billboard_113" Rotation="1.9104e-015 4.44648e-008 4.37049e-008" Tag="" WorldPos="8.25 2.25 -1.25" />
                <Billboard Active="true" BillboardColor="0.1 0.1 0.1 1" BillboardOffset="0" BillboardSize="2 4.5" BillboardType="FixedAxis" ConnectLight="" Group="0" HaloSourceSize="0 0 0" ID="409" IsHalo="false" MaterialFile="billboards/bb_lightblue_lightray.mat" Name="Billboard_234" Rotation="1.20583 0.255888 -2.97287" Tag="" WorldPos="7.75 1 -0.75" />
                <Billboard Active="true" BillboardColor="0.1 0.1 0.1 1" BillboardOffset="0" BillboardSize="2 4.5" BillboardType="FixedAxis" ConnectLight="" Group="0" HaloSourceSize="0 0 0" ID="410" IsHalo="false" MaterialFile="billboards/bb_lightblue_lightray.mat" Name="Billboard_235" Rotation="1.22828 -0.431564 1.58994" Tag="" WorldPos="7.5 0.75 -0.75" />
                <PointLight Active="true" CastShadows="false" DiffuseColor="0.5 0.6 0.55 0" FalloffMap="" FlickerActive="false" FlickerFade="false" FlickerOffColor="0 0 0 1" FlickerOffFadeMaxLength="0" FlickerOffFadeMinLength="0" FlickerOffMaxLength="0" FlickerOffMinLength="0" FlickerOffPS="" FlickerOffRadius="0" FlickerOffSound="" FlickerOnFadeMaxLength="0" FlickerOnFadeMinLength="0" FlickerOnMaxLength="0" FlickerOnMinLength="0" FlickerOnPS="" FlickerOnSound="" Gobo="" GoboAnimFrameTime="0" GoboAnimMode="None" Group="0" ID="453" Name="PointLight_6" Radius="2.5" Rotation="3.14159 -8.74228e-008 -3.14159" Scale="1 1 1" ShadowResolution="High" ShadowsAffectDynamic="true" ShadowsAffectStatic="true" Tag="" WorldPos="0 1.75 1" />
                <Billboard Active="true" BillboardColor="0.1 0.1 0.1 1" BillboardOffset="0" BillboardSize="2 4.5" BillboardType="FixedAxis" ConnectLight="" Group="0" HaloSourceSize="0 0 0" ID="456" IsHalo="false" MaterialFile="billboards/bb_lightblue_lightray.mat" Name="Billboard_114" Rotation="1.81423 -0.149372 1.01533" Tag="" WorldPos="0 1.5 -0.25" />
                <Billboard Active="true" BillboardColor="0.1 0.1 0.1 1" BillboardOffset="0" BillboardSize="2 4.5" BillboardType="FixedAxis" ConnectLight="" Group="0" HaloSourceSize="0 0 0" ID="458" IsHalo="false" MaterialFile="billboards/bb_lightblue_lightray.mat" Name="Billboard_262" Rotation="1.81423 -0.149372 1.01533" Tag="" WorldPos="0 1.5 -0.25" />
                <Billboard Active="true" BillboardColor="0.1 0.1 0.1 1" BillboardOffset="0" BillboardSize="1 5" BillboardType="FixedAxis" ConnectLight="" Group="0" HaloSourceSize="0 0 0" ID="459" IsHalo="false" MaterialFile="billboards/bb_lightblue_lightray.mat" Name="Billboard_236" Rotation="1.30472 -0.102881 -3.02646" Tag="" WorldPos="0 1.25 -0.25" />
                <Billboard Active="true" BillboardColor="0.1 0.1 0.1 1" BillboardOffset="0" BillboardSize="2 4.5" BillboardType="FixedAxis" ConnectLight="" Group="0" HaloSourceSize="0 0 0" ID="461" IsHalo="false" MaterialFile="billboards/bb_lightblue_lightray.mat" Name="Billboard_263" Rotation="1.20583 0.255887 -2.97287" Tag="" WorldPos="0 1.5 -0.75" />
                <Billboard Active="true" BillboardColor="0.1 0.1 0.1 1" BillboardOffset="0" BillboardSize="2 4.5" BillboardType="FixedAxis" ConnectLight="" Group="0" HaloSourceSize="0 0 0" ID="462" IsHalo="false" MaterialFile="billboards/bb_lightblue_lightray.mat" Name="Billboard_223" Rotation="2.01004 -0.434952 0.958183" Tag="" WorldPos="0.25 1 -1" />
                <ParticleSystem Active="true" Color="1 1 1 1" FadeAtDistance="true" File="ps_light_dust.ps" Group="0" ID="463" MaxFadeDistanceEnd="50" MaxFadeDistanceStart="40" MinFadeDistanceEnd="0" MinFadeDistanceStart="0" Name="ParticleSystem_39" Rotation="3.14159 -8.74228e-008 -3.14159" Scale="1 1 1" Tag="" WorldPos="0 1.75 -0.75" />
                <SpotLight Active="true" Aspect="0.3" CastShadows="true" DiffuseColor="0.6 0.7 0.65 0.8" FOV="1.0472" FalloffMap="" FlickerActive="false" FlickerFade="false" FlickerOffColor="0 0 0 1" FlickerOffFadeMaxLength="0" FlickerOffFadeMinLength="0" FlickerOffMaxLength="0" FlickerOffMinLength="0" FlickerOffPS="" FlickerOffRadius="0" FlickerOffSound="" FlickerOnFadeMaxLength="0" FlickerOnFadeMinLength="0" FlickerOnMaxLength="0" FlickerOnMinLength="0" FlickerOnPS="" FlickerOnSound="" Gobo="C:/Program Files (x86)/Steam/steamapps/common/Amnesia The Dark Descent/lights/gobo_square.dds" GoboAnimFrameTime="0" GoboAnimMode="None" Group="0" ID="464" Name="SpotLight_6" NearClipPlane="0.1" Radius="7" Rotation="-2.3562 4.2958e-008 -4.37049e-008" Scale="1 1 1" ShadowResolution="Medium" ShadowsAffectDynamic="true" ShadowsAffectStatic="true" SpotFalloffMap="" Tag="" WorldPos="0 2.25 -1.5" />
                <Billboard Active="true" BillboardColor="0.1 0.1 0.1 0.5" BillboardOffset="0" BillboardSize="3 3" BillboardType="Point" ConnectLight="" Group="0" HaloSourceSize="0 0 0" ID="466" IsHalo="false" MaterialFile="billboards/bb_lightblue_lightray.mat" Name="Billboard_115" Rotation="1.9104e-015 4.44648e-008 4.37049e-008" Tag="" WorldPos="0 2.25 -1.25" />
                <Billboard Active="true" BillboardColor="0.1 0.1 0.1 1" BillboardOffset="0" BillboardSize="2 4.5" BillboardType="FixedAxis" ConnectLight="" Group="0" HaloSourceSize="0 0 0" ID="467" IsHalo="false" MaterialFile="billboards/bb_lightblue_lightray.mat" Name="Billboard_237" Rotation="1.20583 0.255887 -2.97287" Tag="" WorldPos="0 1 -0.75" />
            </Entities>
            <Misc>
                <Compound Active="true" Group="0" ID="202" Name="Compound_1" Rotation="0 0 0" Scale="1 1 1" Tag="" WorldPos="-5.25 1 2">
                    <Component ID="26" />
                    <Component ID="27" />
                </Compound>
                <Compound Active="true" Group="0" ID="205" Name="Compound_2" Rotation="0 0 0" Scale="1 1 1" Tag="" WorldPos="-5.25 1 -1">
                    <Component ID="203" />
                    <Component ID="204" />
                </Compound>
                <Compound Active="true" Group="0" ID="385" Name="Compound_5" Rotation="0 1.5708 0" Scale="1 1 1" Tag="" WorldPos="16 0 -1.5">
                    <Component ID="223" />
                    <Component ID="77" />
                </Compound>
                <Compound Active="true" Group="0" ID="388" Name="Compound_3" Rotation="0 0 0" Scale="1 1 1" Tag="" WorldPos="16.5 1.5 -0.25">
                    <Component ID="217" />
                    <Component ID="216" />
                    <Component ID="215" />
                    <Component ID="218" />
                    <Component ID="207" />
                    <Component ID="212" />
                    <Component ID="209" />
                    <Component ID="206" />
                    <Component ID="214" />
                    <Component ID="208" />
                    <Component ID="221" />
                    <Component ID="219" />
                    <Component ID="213" />
                    <Component ID="220" />
                    <Component ID="210" />
                    <Component ID="211" />
                </Compound>
                <Compound Active="true" Group="0" ID="391" Name="Compound_6" Rotation="0 1.5708 0" Scale="1 1 1" Tag="" WorldPos="8 0 -1.5">
                    <Component ID="389" />
                    <Component ID="390" />
                </Compound>
                <Compound Active="true" Group="0" ID="411" Name="Compound_4" Rotation="0 0 0" Scale="1 1 1" Tag="" WorldPos="8.25 1.5 -0.25">
                    <Component ID="395" />
                    <Component ID="396" />
                    <Component ID="397" />
                    <Component ID="398" />
                    <Component ID="399" />
                    <Component ID="400" />
                    <Component ID="401" />
                    <Component ID="402" />
                    <Component ID="403" />
                    <Component ID="404" />
                    <Component ID="405" />
                    <Component ID="406" />
                    <Component ID="407" />
                    <Component ID="408" />
                    <Component ID="409" />
                    <Component ID="410" />
                </Compound>
            </Misc>
            <StaticObjectCombos />
        </MapContents>
    </MapData>
</Level>
